[     220ms] [INFO] %cDownload the React DevTools for a better development experience: https://react.dev/link/react-devtools font-weight:bold @ http://localhost:3000/_next/static/chunks/node_modules_next_dist_1e8vcs8._.js:776
[     269ms] [LOG] [HMR] connected @ http://localhost:3000/_next/static/chunks/node_modules_next_dist_1e8vcs8._.js:776
[ 1965975ms] [LOG] [HMR] connected @ http://localhost:3000/_next/static/chunks/node_modules_next_dist_1e8vcs8._.js:776
[53981613ms] [LOG] [HMR] connected @ http://localhost:3000/_next/static/chunks/node_modules_next_dist_1e8vcs8._.js:776
[59822695ms] [LOG] [HMR] connected @ http://localhost:3000/_next/static/chunks/node_modules_next_dist_1e8vcs8._.js:776
[68156092ms] [INFO] %cDownload the React DevTools for a better development experience: https://react.dev/link/react-devtools font-weight:bold @ http://localhost:3000/_next/static/chunks/node_modules_next_dist_1e8vcs8._.js:776
[68156129ms] [LOG] [HMR] connected @ http://localhost:3000/_next/static/chunks/node_modules_next_dist_1e8vcs8._.js:776
[69040381ms] [LOG] [HMR] connected @ http://localhost:3000/_next/static/chunks/node_modules_next_dist_1e8vcs8._.js:776
[69041051ms] [INFO] %cDownload the React DevTools for a better development experience: https://react.dev/link/react-devtools font-weight:bold @ http://localhost:3000/_next/static/chunks/node_modules_next_dist_1e8vcs8._.js:776
[69041081ms] [LOG] [HMR] connected @ http://localhost:3000/_next/static/chunks/node_modules_next_dist_1e8vcs8._.js:776
[69099784ms] [LOG] [Fast Refresh] rebuilding @ http://localhost:3000/_next/static/chunks/node_modules_next_dist_1e8vcs8._.js:776
[69099818ms] [LOG] [Fast Refresh] done in 3ms @ http://localhost:3000/_next/static/chunks/node_modules_next_dist_1e8vcs8._.js:776
[69129686ms] [LOG] [Fast Refresh] done in 29866ms @ http://localhost:3000/_next/static/chunks/node_modules_next_dist_1e8vcs8._.js:776
[69152544ms] [LOG] [Fast Refresh] done in 29866ms @ http://localhost:3000/_next/static/chunks/node_modules_next_dist_1e8vcs8._.js:776
[69153277ms] [LOG] [Fast Refresh] done in 29866ms @ http://localhost:3000/_next/static/chunks/node_modules_next_dist_1e8vcs8._.js:776
[69153325ms] [LOG] [Fast Refresh] done in 29866ms @ http://localhost:3000/_next/static/chunks/node_modules_next_dist_1e8vcs8._.js:776
[74215072ms] [ERROR] WebSocket connection to 'ws://localhost:3000/_next/hmr?id=UVyNwRzuka3d3hOzW-498' failed:  @ http://localhost:3000/_next/static/chunks/node_modules_next_dist_client_0_90u2t._.js:16256
[74216080ms] [ERROR] WebSocket connection to 'ws://localhost:3000/_next/hmr?id=UVyNwRzuka3d3hOzW-498' failed: Error in connection establishment: net::ERR_CONNECTION_REFUSED @ http://localhost:3000/_next/static/chunks/node_modules_next_dist_client_0_90u2t._.js:16256
[74457086ms] [ERROR] WebSocket connection to 'ws://localhost:3000/_next/hmr?id=UVyNwRzuka3d3hOzW-498' failed: WebSocket opening handshake timed out @ http://localhost:3000/_next/static/chunks/node_modules_next_dist_client_0_90u2t._.js:16256
[74698095ms] [ERROR] WebSocket connection to 'ws://localhost:3000/_next/hmr?id=UVyNwRzuka3d3hOzW-498' failed: WebSocket opening handshake timed out @ http://localhost:3000/_next/static/chunks/node_modules_next_dist_client_0_90u2t._.js:16256
[74751265ms] [ERROR] WebSocket connection to 'ws://localhost:3000/_next/hmr?id=UVyNwRzuka3d3hOzW-498' failed:  @ http://localhost:3000/_next/static/chunks/node_modules_next_dist_client_0_90u2t._.js:16256
[74752272ms] [ERROR] WebSocket connection to 'ws://localhost:3000/_next/hmr?id=UVyNwRzuka3d3hOzW-498' failed: Error in connection establishment: net::ERR_CONNECTION_REFUSED @ http://localhost:3000/_next/static/chunks/node_modules_next_dist_client_0_90u2t._.js:16256
[74997279ms] [ERROR] WebSocket connection to 'ws://localhost:3000/_next/hmr?id=UVyNwRzuka3d3hOzW-498' failed: WebSocket opening handshake timed out @ http://localhost:3000/_next/static/chunks/node_modules_next_dist_client_0_90u2t._.js:16256
[75242286ms] [ERROR] WebSocket connection to 'ws://localhost:3000/_next/hmr?id=UVyNwRzuka3d3hOzW-498' failed: WebSocket opening handshake timed out @ http://localhost:3000/_next/static/chunks/node_modules_next_dist_client_0_90u2t._.js:16256
[75487297ms] [ERROR] WebSocket connection to 'ws://localhost:3000/_next/hmr?id=UVyNwRzuka3d3hOzW-498' failed: WebSocket opening handshake timed out @ http://localhost:3000/_next/static/chunks/node_modules_next_dist_client_0_90u2t._.js:16256
[75732312ms] [ERROR] WebSocket connection to 'ws://localhost:3000/_next/hmr?id=UVyNwRzuka3d3hOzW-498' failed: WebSocket opening handshake timed out @ http://localhost:3000/_next/static/chunks/node_modules_next_dist_client_0_90u2t._.js:16256
[75977319ms] [ERROR] WebSocket connection to 'ws://localhost:3000/_next/hmr?id=UVyNwRzuka3d3hOzW-498' failed: WebSocket opening handshake timed out @ http://localhost:3000/_next/static/chunks/node_modules_next_dist_client_0_90u2t._.js:16256
[76222330ms] [ERROR] WebSocket connection to 'ws://localhost:3000/_next/hmr?id=UVyNwRzuka3d3hOzW-498' failed: WebSocket opening handshake timed out @ http://localhost:3000/_next/static/chunks/node_modules_next_dist_client_0_90u2t._.js:16256
[76467340ms] [ERROR] WebSocket connection to 'ws://localhost:3000/_next/hmr?id=UVyNwRzuka3d3hOzW-498' failed: WebSocket opening handshake timed out @ http://localhost:3000/_next/static/chunks/node_modules_next_dist_client_0_90u2t._.js:16256
[76467390ms] [ERROR] Failed to load resource: the server responded with a status of 404 (Not Found) @ http://localhost:3000/ru:0
